------------------------------------------------------------
TimeQuest Timing Analyzer Summary
------------------------------------------------------------

Type  : Slow Model Setup 'clk_28MHz'
Slack : -4.960
TNS   : -91.898

Type  : Slow Model Setup 'Hora:inst|lpm_counter1:inst2|lpm_counter:LPM_COUNTER_component|cntr_e0j:auto_generated|safe_q[5]'
Slack : -3.670
TNS   : -22.432

Type  : Slow Model Setup 'Hora:inst|lpm_counter50:inst1|lpm_counter:LPM_COUNTER_component|cntr_d0j:auto_generated|safe_q[5]'
Slack : -2.177
TNS   : -20.810

Type  : Slow Model Setup 'sumMinAlarm'
Slack : -2.036
TNS   : -8.144

Type  : Slow Model Setup 'sumHourAlarm'
Slack : -2.017
TNS   : -8.068

Type  : Slow Model Setup 'change_hour'
Slack : -1.987
TNS   : -7.948

Type  : Slow Model Setup 'Hora:inst|lpm_counter0:inst0|lpm_counter:LPM_COUNTER_component|cntr_bsj:auto_generated|safe_q[19]'
Slack : -1.964
TNS   : -11.784

Type  : Slow Model Setup 'Hora:inst|lpm_counter4:inst10|lpm_counter:LPM_COUNTER_component|cntr_9ej:auto_generated|safe_q[3]'
Slack : -0.491
TNS   : -0.981

Type  : Slow Model Setup 'Hora:inst|lpm_counter3:inst5|lpm_counter:LPM_COUNTER_component|cntr_70j:auto_generated|safe_q[3]'
Slack : -0.110
TNS   : -0.187

Type  : Slow Model Setup 'Alarma:inst21|lpm_counter7:inst|lpm_counter:LPM_COUNTER_component|cntr_aej:auto_generated|safe_q[1]'
Slack : -0.109
TNS   : -0.155

Type  : Slow Model Setup 'Hora:inst|lpm_counter3:inst7|lpm_counter:LPM_COUNTER_component|cntr_70j:auto_generated|safe_q[3]'
Slack : -0.085
TNS   : -0.137

Type  : Slow Model Setup 'Alarma:inst21|lpm_counter9:inst5|lpm_counter:LPM_COUNTER_component|cntr_aej:auto_generated|safe_q[1]'
Slack : 0.080
TNS   : 0.000

Type  : Slow Model Hold 'sumHourAlarm'
Slack : -3.726
TNS   : -12.959

Type  : Slow Model Hold 'sumMinAlarm'
Slack : -3.683
TNS   : -12.395

Type  : Slow Model Hold 'change_hour'
Slack : -3.523
TNS   : -10.948

Type  : Slow Model Hold 'clk_28MHz'
Slack : -2.329
TNS   : -27.191

Type  : Slow Model Hold 'Hora:inst|lpm_counter1:inst2|lpm_counter:LPM_COUNTER_component|cntr_e0j:auto_generated|safe_q[5]'
Slack : -2.269
TNS   : -5.479

Type  : Slow Model Hold 'Hora:inst|lpm_counter50:inst1|lpm_counter:LPM_COUNTER_component|cntr_d0j:auto_generated|safe_q[5]'
Slack : -2.070
TNS   : -12.012

Type  : Slow Model Hold 'Hora:inst|lpm_counter0:inst0|lpm_counter:LPM_COUNTER_component|cntr_bsj:auto_generated|safe_q[19]'
Slack : -2.050
TNS   : -7.235

Type  : Slow Model Hold 'Alarma:inst21|lpm_counter7:inst|lpm_counter:LPM_COUNTER_component|cntr_aej:auto_generated|safe_q[1]'
Slack : 0.391
TNS   : 0.000

Type  : Slow Model Hold 'Alarma:inst21|lpm_counter9:inst5|lpm_counter:LPM_COUNTER_component|cntr_aej:auto_generated|safe_q[1]'
Slack : 0.391
TNS   : 0.000

Type  : Slow Model Hold 'Hora:inst|lpm_counter3:inst5|lpm_counter:LPM_COUNTER_component|cntr_70j:auto_generated|safe_q[3]'
Slack : 0.391
TNS   : 0.000

Type  : Slow Model Hold 'Hora:inst|lpm_counter3:inst7|lpm_counter:LPM_COUNTER_component|cntr_70j:auto_generated|safe_q[3]'
Slack : 0.391
TNS   : 0.000

Type  : Slow Model Hold 'Hora:inst|lpm_counter4:inst10|lpm_counter:LPM_COUNTER_component|cntr_9ej:auto_generated|safe_q[3]'
Slack : 1.106
TNS   : 0.000

Type  : Slow Model Recovery 'sumMinAlarm'
Slack : -3.510
TNS   : -14.040

Type  : Slow Model Recovery 'Hora:inst|lpm_counter4:inst10|lpm_counter:LPM_COUNTER_component|cntr_9ej:auto_generated|safe_q[3]'
Slack : -2.126
TNS   : -4.252

Type  : Slow Model Recovery 'sumHourAlarm'
Slack : -1.240
TNS   : -4.960

Type  : Slow Model Recovery 'change_hour'
Slack : -0.893
TNS   : -3.572

Type  : Slow Model Recovery 'Alarma:inst21|lpm_counter9:inst5|lpm_counter:LPM_COUNTER_component|cntr_aej:auto_generated|safe_q[1]'
Slack : -0.835
TNS   : -1.670

Type  : Slow Model Removal 'sumHourAlarm'
Slack : -2.456
TNS   : -9.824

Type  : Slow Model Removal 'sumMinAlarm'
Slack : -0.323
TNS   : -1.292

Type  : Slow Model Removal 'Alarma:inst21|lpm_counter9:inst5|lpm_counter:LPM_COUNTER_component|cntr_aej:auto_generated|safe_q[1]'
Slack : 1.524
TNS   : 0.000

Type  : Slow Model Removal 'change_hour'
Slack : 1.576
TNS   : 0.000

Type  : Slow Model Removal 'Hora:inst|lpm_counter4:inst10|lpm_counter:LPM_COUNTER_component|cntr_9ej:auto_generated|safe_q[3]'
Slack : 1.809
TNS   : 0.000

Type  : Slow Model Minimum Pulse Width 'clk_28MHz'
Slack : -1.380
TNS   : -37.380

Type  : Slow Model Minimum Pulse Width 'change_hour'
Slack : -1.222
TNS   : -5.222

Type  : Slow Model Minimum Pulse Width 'sumHourAlarm'
Slack : -1.222
TNS   : -5.222

Type  : Slow Model Minimum Pulse Width 'sumMinAlarm'
Slack : -1.222
TNS   : -5.222

Type  : Slow Model Minimum Pulse Width 'Hora:inst|lpm_counter1:inst2|lpm_counter:LPM_COUNTER_component|cntr_e0j:auto_generated|safe_q[5]'
Slack : -0.500
TNS   : -10.000

Type  : Slow Model Minimum Pulse Width 'Hora:inst|lpm_counter50:inst1|lpm_counter:LPM_COUNTER_component|cntr_d0j:auto_generated|safe_q[5]'
Slack : -0.500
TNS   : -10.000

Type  : Slow Model Minimum Pulse Width 'Hora:inst|lpm_counter0:inst0|lpm_counter:LPM_COUNTER_component|cntr_bsj:auto_generated|safe_q[19]'
Slack : -0.500
TNS   : -6.000

Type  : Slow Model Minimum Pulse Width 'Alarma:inst21|lpm_counter7:inst|lpm_counter:LPM_COUNTER_component|cntr_aej:auto_generated|safe_q[1]'
Slack : -0.500
TNS   : -3.000

Type  : Slow Model Minimum Pulse Width 'Hora:inst|lpm_counter3:inst5|lpm_counter:LPM_COUNTER_component|cntr_70j:auto_generated|safe_q[3]'
Slack : -0.500
TNS   : -3.000

Type  : Slow Model Minimum Pulse Width 'Hora:inst|lpm_counter3:inst7|lpm_counter:LPM_COUNTER_component|cntr_70j:auto_generated|safe_q[3]'
Slack : -0.500
TNS   : -3.000

Type  : Slow Model Minimum Pulse Width 'Alarma:inst21|lpm_counter9:inst5|lpm_counter:LPM_COUNTER_component|cntr_aej:auto_generated|safe_q[1]'
Slack : -0.500
TNS   : -2.000

Type  : Slow Model Minimum Pulse Width 'Hora:inst|lpm_counter4:inst10|lpm_counter:LPM_COUNTER_component|cntr_9ej:auto_generated|safe_q[3]'
Slack : -0.500
TNS   : -2.000

Type  : Fast Model Setup 'clk_28MHz'
Slack : -1.904
TNS   : -29.241

Type  : Fast Model Setup 'Hora:inst|lpm_counter1:inst2|lpm_counter:LPM_COUNTER_component|cntr_e0j:auto_generated|safe_q[5]'
Slack : -1.473
TNS   : -5.272

Type  : Fast Model Setup 'Hora:inst|lpm_counter50:inst1|lpm_counter:LPM_COUNTER_component|cntr_d0j:auto_generated|safe_q[5]'
Slack : -0.476
TNS   : -4.276

Type  : Fast Model Setup 'sumMinAlarm'
Slack : -0.390
TNS   : -1.560

Type  : Fast Model Setup 'sumHourAlarm'
Slack : -0.389
TNS   : -1.556

Type  : Fast Model Setup 'change_hour'
Slack : -0.372
TNS   : -1.488

Type  : Fast Model Setup 'Hora:inst|lpm_counter0:inst0|lpm_counter:LPM_COUNTER_component|cntr_bsj:auto_generated|safe_q[19]'
Slack : -0.355
TNS   : -2.130

Type  : Fast Model Setup 'Hora:inst|lpm_counter4:inst10|lpm_counter:LPM_COUNTER_component|cntr_9ej:auto_generated|safe_q[3]'
Slack : 0.296
TNS   : 0.000

Type  : Fast Model Setup 'Alarma:inst21|lpm_counter7:inst|lpm_counter:LPM_COUNTER_component|cntr_aej:auto_generated|safe_q[1]'
Slack : 0.479
TNS   : 0.000

Type  : Fast Model Setup 'Hora:inst|lpm_counter3:inst5|lpm_counter:LPM_COUNTER_component|cntr_70j:auto_generated|safe_q[3]'
Slack : 0.480
TNS   : 0.000

Type  : Fast Model Setup 'Hora:inst|lpm_counter3:inst7|lpm_counter:LPM_COUNTER_component|cntr_70j:auto_generated|safe_q[3]'
Slack : 0.492
TNS   : 0.000

Type  : Fast Model Setup 'Alarma:inst21|lpm_counter9:inst5|lpm_counter:LPM_COUNTER_component|cntr_aej:auto_generated|safe_q[1]'
Slack : 0.559
TNS   : 0.000

Type  : Fast Model Hold 'change_hour'
Slack : -2.132
TNS   : -6.968

Type  : Fast Model Hold 'sumHourAlarm'
Slack : -2.080
TNS   : -7.449

Type  : Fast Model Hold 'sumMinAlarm'
Slack : -2.071
TNS   : -7.267

Type  : Fast Model Hold 'clk_28MHz'
Slack : -1.582
TNS   : -26.177

Type  : Fast Model Hold 'Hora:inst|lpm_counter1:inst2|lpm_counter:LPM_COUNTER_component|cntr_e0j:auto_generated|safe_q[5]'
Slack : -1.440
TNS   : -4.113

Type  : Fast Model Hold 'Hora:inst|lpm_counter50:inst1|lpm_counter:LPM_COUNTER_component|cntr_d0j:auto_generated|safe_q[5]'
Slack : -1.410
TNS   : -9.833

Type  : Fast Model Hold 'Hora:inst|lpm_counter0:inst0|lpm_counter:LPM_COUNTER_component|cntr_bsj:auto_generated|safe_q[19]'
Slack : -1.409
TNS   : -6.034

Type  : Fast Model Hold 'Alarma:inst21|lpm_counter7:inst|lpm_counter:LPM_COUNTER_component|cntr_aej:auto_generated|safe_q[1]'
Slack : 0.215
TNS   : 0.000

Type  : Fast Model Hold 'Alarma:inst21|lpm_counter9:inst5|lpm_counter:LPM_COUNTER_component|cntr_aej:auto_generated|safe_q[1]'
Slack : 0.215
TNS   : 0.000

Type  : Fast Model Hold 'Hora:inst|lpm_counter3:inst5|lpm_counter:LPM_COUNTER_component|cntr_70j:auto_generated|safe_q[3]'
Slack : 0.215
TNS   : 0.000

Type  : Fast Model Hold 'Hora:inst|lpm_counter3:inst7|lpm_counter:LPM_COUNTER_component|cntr_70j:auto_generated|safe_q[3]'
Slack : 0.215
TNS   : 0.000

Type  : Fast Model Hold 'Hora:inst|lpm_counter4:inst10|lpm_counter:LPM_COUNTER_component|cntr_9ej:auto_generated|safe_q[3]'
Slack : 0.517
TNS   : 0.000

Type  : Fast Model Recovery 'sumMinAlarm'
Slack : -1.525
TNS   : -6.100

Type  : Fast Model Recovery 'Hora:inst|lpm_counter4:inst10|lpm_counter:LPM_COUNTER_component|cntr_9ej:auto_generated|safe_q[3]'
Slack : -0.901
TNS   : -1.802

Type  : Fast Model Recovery 'change_hour'
Slack : -0.141
TNS   : -0.564

Type  : Fast Model Recovery 'sumHourAlarm'
Slack : -0.128
TNS   : -0.512

Type  : Fast Model Recovery 'Alarma:inst21|lpm_counter9:inst5|lpm_counter:LPM_COUNTER_component|cntr_aej:auto_generated|safe_q[1]'
Slack : 0.031
TNS   : 0.000

Type  : Fast Model Removal 'sumHourAlarm'
Slack : -1.390
TNS   : -5.560

Type  : Fast Model Removal 'sumMinAlarm'
Slack : -0.056
TNS   : -0.224

Type  : Fast Model Removal 'Alarma:inst21|lpm_counter9:inst5|lpm_counter:LPM_COUNTER_component|cntr_aej:auto_generated|safe_q[1]'
Slack : 0.699
TNS   : 0.000

Type  : Fast Model Removal 'change_hour'
Slack : 0.885
TNS   : 0.000

Type  : Fast Model Removal 'Hora:inst|lpm_counter4:inst10|lpm_counter:LPM_COUNTER_component|cntr_9ej:auto_generated|safe_q[3]'
Slack : 0.917
TNS   : 0.000

Type  : Fast Model Minimum Pulse Width 'clk_28MHz'
Slack : -1.380
TNS   : -37.380

Type  : Fast Model Minimum Pulse Width 'change_hour'
Slack : -1.222
TNS   : -5.222

Type  : Fast Model Minimum Pulse Width 'sumHourAlarm'
Slack : -1.222
TNS   : -5.222

Type  : Fast Model Minimum Pulse Width 'sumMinAlarm'
Slack : -1.222
TNS   : -5.222

Type  : Fast Model Minimum Pulse Width 'Hora:inst|lpm_counter1:inst2|lpm_counter:LPM_COUNTER_component|cntr_e0j:auto_generated|safe_q[5]'
Slack : -0.500
TNS   : -10.000

Type  : Fast Model Minimum Pulse Width 'Hora:inst|lpm_counter50:inst1|lpm_counter:LPM_COUNTER_component|cntr_d0j:auto_generated|safe_q[5]'
Slack : -0.500
TNS   : -10.000

Type  : Fast Model Minimum Pulse Width 'Hora:inst|lpm_counter0:inst0|lpm_counter:LPM_COUNTER_component|cntr_bsj:auto_generated|safe_q[19]'
Slack : -0.500
TNS   : -6.000

Type  : Fast Model Minimum Pulse Width 'Alarma:inst21|lpm_counter7:inst|lpm_counter:LPM_COUNTER_component|cntr_aej:auto_generated|safe_q[1]'
Slack : -0.500
TNS   : -3.000

Type  : Fast Model Minimum Pulse Width 'Hora:inst|lpm_counter3:inst5|lpm_counter:LPM_COUNTER_component|cntr_70j:auto_generated|safe_q[3]'
Slack : -0.500
TNS   : -3.000

Type  : Fast Model Minimum Pulse Width 'Hora:inst|lpm_counter3:inst7|lpm_counter:LPM_COUNTER_component|cntr_70j:auto_generated|safe_q[3]'
Slack : -0.500
TNS   : -3.000

Type  : Fast Model Minimum Pulse Width 'Alarma:inst21|lpm_counter9:inst5|lpm_counter:LPM_COUNTER_component|cntr_aej:auto_generated|safe_q[1]'
Slack : -0.500
TNS   : -2.000

Type  : Fast Model Minimum Pulse Width 'Hora:inst|lpm_counter4:inst10|lpm_counter:LPM_COUNTER_component|cntr_9ej:auto_generated|safe_q[3]'
Slack : -0.500
TNS   : -2.000

------------------------------------------------------------
